[0/2] Re-checking globbed directories...
[1/145] Building CXX object lib/luau/CMakeFiles/Luau.Common.dir/Common/src/BytecodeWire.cpp.o
[2/145] Building CXX object lib/luau/CMakeFiles/Luau.Ast.dir/Ast/src/Location.cpp.o
[3/145] Generating bindings
Built-in type config: float_64
[4/145] Building CXX object lib/luau/CMakeFiles/Luau.Ast.dir/Ast/src/Confusables.cpp.o
[5/145] Building CXX object lib/luau/CMakeFiles/Luau.Common.dir/Common/src/TimeTrace.cpp.o
[6/145] Building CXX object lib/luau/CMakeFiles/Luau.Ast.dir/Ast/src/Allocator.cpp.o
[7/145] Building CXX object lib/luau/CMakeFiles/Luau.Common.dir/Common/src/StringUtils.cpp.o
[8/145] Building CXX object lib/luau/CMakeFiles/Luau.Ast.dir/Ast/src/Cst.cpp.o
[9/145] Linking CXX static library lib/luau/libLuau.Common.a
[10/145] Building CXX object lib/godot-cpp/CMakeFiles/godot-cpp.dir/src/classes/editor_plugin_registration.cpp.o
[11/145] Building CXX object lib/luau/CMakeFiles/Luau.Ast.dir/Ast/src/Ast.cpp.o
[12/145] Building CXX object lib/luau/CMakeFiles/Luau.Ast.dir/Ast/src/Lexer.cpp.o
[13/145] Building CXX object lib/godot-cpp/CMakeFiles/godot-cpp.dir/src/core/memory.cpp.o
[14/145] Building CXX object lib/godot-cpp/CMakeFiles/godot-cpp.dir/src/core/error_macros.cpp.o
[15/145] Building CXX object lib/luau/CMakeFiles/Luau.Bytecode.dir/Bytecode/src/Sccp.cpp.o
[16/145] Building CXX object lib/luau/CMakeFiles/Luau.Bytecode.dir/Bytecode/src/BytecodeDump.cpp.o
[17/145] Building CXX object lib/godot-cpp/CMakeFiles/godot-cpp.dir/src/core/method_bind.cpp.o
[18/145] Building CXX object lib/godot-cpp/CMakeFiles/godot-cpp.dir/src/classes/wrapped.cpp.o
[19/145] Building CXX object lib/godot-cpp/CMakeFiles/godot-cpp.dir/src/classes/low_level.cpp.o
[20/145] Building CXX object lib/godot-cpp/CMakeFiles/godot-cpp.dir/src/variant/aabb.cpp.o
[21/145] Building CXX object lib/godot-cpp/CMakeFiles/godot-cpp.dir/src/core/print_string.cpp.o
[22/145] Building CXX object lib/godot-cpp/CMakeFiles/godot-cpp.dir/src/core/object.cpp.o
[23/145] Building CXX object lib/godot-cpp/CMakeFiles/godot-cpp.dir/src/variant/basis.cpp.o
[24/145] Building CXX object lib/luau/CMakeFiles/Luau.Ast.dir/Ast/src/PrettyPrinter.cpp.o
[25/145] Building CXX object lib/godot-cpp/CMakeFiles/godot-cpp.dir/src/variant/callable_custom.cpp.o
[26/145] Building CXX object lib/godot-cpp/CMakeFiles/godot-cpp.dir/src/variant/packed_arrays.cpp.o
[27/145] Building CXX object lib/godot-cpp/CMakeFiles/godot-cpp.dir/src/godot.cpp.o
[28/145] Building CXX object lib/godot-cpp/CMakeFiles/godot-cpp.dir/src/variant/rect2i.cpp.o
[29/145] Building CXX object lib/godot-cpp/CMakeFiles/godot-cpp.dir/src/variant/rect2.cpp.o
[30/145] Building CXX object lib/godot-cpp/CMakeFiles/godot-cpp.dir/src/variant/callable_method_pointer.cpp.o
[31/145] Building CXX object lib/godot-cpp/CMakeFiles/godot-cpp.dir/src/variant/quaternion.cpp.o
[32/145] Building CXX object lib/godot-cpp/CMakeFiles/godot-cpp.dir/src/variant/plane.cpp.o
[33/145] Building CXX object lib/godot-cpp/CMakeFiles/godot-cpp.dir/src/core/class_db.cpp.o
[34/145] Building CXX object lib/godot-cpp/CMakeFiles/godot-cpp.dir/src/variant/char_string.cpp.o
[35/145] Building CXX object lib/godot-cpp/CMakeFiles/godot-cpp.dir/src/variant/transform2d.cpp.o
[36/145] Building CXX object lib/godot-cpp/CMakeFiles/godot-cpp.dir/src/variant/vector2.cpp.o
[37/145] Building CXX object lib/godot-cpp/CMakeFiles/godot-cpp.dir/src/variant/vector2i.cpp.o
[38/145] Building CXX object lib/godot-cpp/CMakeFiles/godot-cpp.dir/src/variant/transform3d.cpp.o
[39/145] Building CXX object lib/godot-cpp/CMakeFiles/godot-cpp.dir/src/variant/vector3.cpp.o
[40/145] Building CXX object lib/godot-cpp/CMakeFiles/godot-cpp.dir/src/variant/projection.cpp.o
[41/145] Building CXX object lib/godot-cpp/CMakeFiles/godot-cpp.dir/src/variant/variant_internal.cpp.o
[42/145] Building CXX object lib/godot-cpp/CMakeFiles/godot-cpp.dir/src/variant/color.cpp.o
[43/145] Building CXX object lib/godot-cpp/CMakeFiles/godot-cpp.dir/src/variant/vector3i.cpp.o
[44/145] Building CXX object lib/godot-cpp/CMakeFiles/godot-cpp.dir/src/variant/vector4i.cpp.o
[45/145] Building CXX object lib/godot-cpp/CMakeFiles/godot-cpp.dir/src/variant/vector4.cpp.o
[46/145] Building CXX object lib/godot-cpp/CMakeFiles/godot-cpp.dir/gen/src/gdextension_interface_loader.cpp.o
[47/145] Building CXX object lib/luau/CMakeFiles/Luau.Bytecode.dir/Bytecode/src/BytecodeBuilder.cpp.o
[48/145] Building CXX object lib/godot-cpp/CMakeFiles/godot-cpp.dir/gen/src/variant/node_path.cpp.o
[49/145] Building CXX object lib/godot-cpp/CMakeFiles/godot-cpp.dir/src/variant/variant.cpp.o
[50/145] Building CXX object lib/godot-cpp/CMakeFiles/godot-cpp.dir/gen/src/variant/callable.cpp.o
[51/145] Building CXX object lib/godot-cpp/CMakeFiles/godot-cpp.dir/gen/src/variant/dictionary.cpp.o
[52/145] Building CXX object lib/godot-cpp/CMakeFiles/godot-cpp.dir/gen/src/variant/signal.cpp.o
[53/145] Building CXX object lib/godot-cpp/CMakeFiles/godot-cpp.dir/gen/src/variant/rid.cpp.o
[54/145] Building CXX object lib/godot-cpp/CMakeFiles/godot-cpp.dir/gen/src/variant/array.cpp.o
[55/145] Building CXX object lib/godot-cpp/CMakeFiles/godot-cpp.dir/gen/src/variant/string.cpp.o
[56/145] Building CXX object lib/godot-cpp/CMakeFiles/godot-cpp.dir/gen/src/variant/packed_byte_array.cpp.o
[57/145] Building CXX object lib/godot-cpp/CMakeFiles/godot-cpp.dir/gen/src/variant/string_name.cpp.o
[58/145] Building CXX object lib/godot-cpp/CMakeFiles/godot-cpp.dir/gen/src/variant/packed_float64_array.cpp.o
[59/145] Building CXX object lib/godot-cpp/CMakeFiles/godot-cpp.dir/gen/src/variant/packed_int64_array.cpp.o
[60/145] Building CXX object lib/godot-cpp/CMakeFiles/godot-cpp.dir/gen/src/variant/packed_string_array.cpp.o
[61/145] Building CXX object lib/godot-cpp/CMakeFiles/godot-cpp.dir/gen/src/variant/packed_vector3_array.cpp.o
[62/145] Building CXX object lib/godot-cpp/CMakeFiles/godot-cpp.dir/gen/src/variant/packed_vector2_array.cpp.o
[63/145] Building CXX object lib/godot-cpp/CMakeFiles/godot-cpp.dir/gen/src/variant/packed_float32_array.cpp.o
[64/145] Building CXX object lib/godot-cpp/CMakeFiles/godot-cpp.dir/gen/src/variant/packed_int32_array.cpp.o
[65/145] Building CXX object lib/godot-cpp/CMakeFiles/godot-cpp.dir/gen/src/variant/packed_color_array.cpp.o
[66/145] Building CXX object lib/godot-cpp/CMakeFiles/godot-cpp.dir/gen/src/variant/packed_vector4_array.cpp.o
[67/145] Building CXX object lib/luau/CMakeFiles/Luau.Bytecode.dir/Bytecode/src/BytecodeGraph.cpp.o
[68/145] Building CXX object lib/godot-cpp/CMakeFiles/godot-cpp.dir/gen/src/classes/xml_parser.cpp.o
[69/145] Building CXX object lib/godot-cpp/CMakeFiles/godot-cpp.dir/gen/src/classes/semaphore.cpp.o
[70/145] Building CXX object lib/godot-cpp/CMakeFiles/godot-cpp.dir/gen/src/classes/project_settings.cpp.o
[71/145] Building CXX object lib/godot-cpp/CMakeFiles/godot-cpp.dir/gen/src/classes/engine.cpp.o
[72/145] Building CXX object lib/godot-cpp/CMakeFiles/godot-cpp.dir/gen/src/classes/class_db_singleton.cpp.o
[73/145] Building CXX object lib/godot-cpp/CMakeFiles/godot-cpp.dir/gen/src/classes/worker_thread_pool.cpp.o
[74/145] Building CXX object lib/godot-cpp/CMakeFiles/godot-cpp.dir/gen/src/classes/resource_loader.cpp.o
[75/145] Building CXX object lib/godot-cpp/CMakeFiles/godot-cpp.dir/gen/src/classes/file_access.cpp.o
[76/145] Building CXX object lib/godot-cpp/CMakeFiles/godot-cpp.dir/gen/src/classes/os.cpp.o
[77/145] Building CXX object lib/godot-cpp/CMakeFiles/godot-cpp.dir/gen/src/classes/script_language_extension.cpp.o
[78/145] Linking CXX static library lib/luau/libLuau.Bytecode.a
[79/145] Building CXX object lib/godot-cpp/CMakeFiles/godot-cpp.dir/gen/src/classes/image.cpp.o
[80/145] Building CXX object lib/godot-cpp/CMakeFiles/godot-cpp.dir/gen/src/classes/resource_format_saver.cpp.o
[81/145] Building CXX object lib/godot-cpp/CMakeFiles/godot-cpp.dir/gen/src/classes/resource_format_loader.cpp.o
[82/145] Building CXX object lib/godot-cpp/CMakeFiles/godot-cpp.dir/gen/src/classes/resource.cpp.o
[83/145] Building CXX object lib/godot-cpp/CMakeFiles/godot-cpp.dir/gen/src/classes/script_language.cpp.o
[84/145] Building CXX object lib/godot-cpp/CMakeFiles/godot-cpp.dir/gen/src/classes/ref_counted.cpp.o
[85/145] Building CXX object lib/luau/CMakeFiles/Luau.Ast.dir/Ast/src/Parser.cpp.o
[86/145] Building CXX object lib/godot-cpp/CMakeFiles/godot-cpp.dir/gen/src/variant/utility_functions.cpp.o
[87/145] Building CXX object lib/godot-cpp/CMakeFiles/godot-cpp.dir/gen/src/classes/script_extension.cpp.o
[88/145] Building CXX object lib/godot-cpp/CMakeFiles/godot-cpp.dir/gen/src/classes/object.cpp.o
[89/145] Building CXX object lib/godot-cpp/CMakeFiles/godot-cpp.dir/gen/src/classes/script.cpp.o
[90/145] Linking CXX static library lib/luau/libLuau.Ast.a
[91/145] Building CXX object lib/luau/CMakeFiles/Luau.Compiler.dir/Compiler/src/Builtins.cpp.o
[92/145] Building CXX object lib/luau/CMakeFiles/Luau.VM.dir/VM/src/lbitlib.cpp.o
[93/145] Building CXX object lib/luau/CMakeFiles/Luau.VM.dir/VM/src/lbaselib.cpp.o
[94/145] Building CXX object lib/luau/CMakeFiles/Luau.VM.dir/VM/src/laux.cpp.o
[95/145] Building CXX object lib/luau/CMakeFiles/Luau.VM.dir/VM/src/lbuffer.cpp.o
[96/145] Building CXX object lib/luau/CMakeFiles/Luau.VM.dir/VM/src/lbuflib.cpp.o
[97/145] Building CXX object lib/luau/CMakeFiles/Luau.VM.dir/VM/src/ldblib.cpp.o
[98/145] Building CXX object lib/luau/CMakeFiles/Luau.VM.dir/VM/src/lcorolib.cpp.o
[99/145] Building CXX object lib/luau/CMakeFiles/Luau.VM.dir/VM/src/lapi.cpp.o
[100/145] Building CXX object lib/luau/CMakeFiles/Luau.VM.dir/VM/src/lbuiltins.cpp.o
[101/145] Building CXX object lib/luau/CMakeFiles/Luau.VM.dir/VM/src/ldebug.cpp.o
[102/145] Building CXX object lib/luau/CMakeFiles/Luau.VM.dir/VM/src/ldo.cpp.o
[103/145] Building CXX object lib/luau/CMakeFiles/Luau.VM.dir/VM/src/lfunc.cpp.o
[104/145] Building CXX object lib/luau/CMakeFiles/Luau.Compiler.dir/Compiler/src/BuiltinFolding.cpp.o
[105/145] Building CXX object lib/luau/CMakeFiles/Luau.VM.dir/VM/src/linit.cpp.o
[106/145] Building CXX object lib/luau/CMakeFiles/Luau.VM.dir/VM/src/lmathlib.cpp.o
[107/145] Building CXX object lib/luau/CMakeFiles/Luau.VM.dir/VM/src/lmem.cpp.o
[108/145] Building CXX object lib/luau/CMakeFiles/Luau.VM.dir/VM/src/lnumprint.cpp.o
[109/145] Building CXX object lib/luau/CMakeFiles/Luau.VM.dir/VM/src/lgc.cpp.o
[110/145] Building CXX object lib/luau/CMakeFiles/Luau.VM.dir/VM/src/lgcdebug.cpp.o
[111/145] Building CXX object lib/luau/CMakeFiles/Luau.Compiler.dir/Compiler/src/lcode.cpp.o
[112/145] Building CXX object lib/luau/CMakeFiles/Luau.Compiler.dir/Compiler/src/TableShape.cpp.o
[113/145] Building CXX object lib/luau/CMakeFiles/Luau.VM.dir/VM/src/loslib.cpp.o
[114/145] Building CXX object lib/luau/CMakeFiles/Luau.VM.dir/VM/src/lobject.cpp.o
[115/145] Building CXX object lib/luau/CMakeFiles/Luau.VM.dir/VM/src/lperf.cpp.o
[116/145] Building CXX object lib/luau/CMakeFiles/Luau.VM.dir/VM/src/lstring.cpp.o
[117/145] Building CXX object lib/luau/CMakeFiles/Luau.Compiler.dir/Compiler/src/CostModel.cpp.o
[118/145] Building CXX object lib/luau/CMakeFiles/Luau.VM.dir/VM/src/lstate.cpp.o
[119/145] Building CXX object lib/luau/CMakeFiles/Luau.Compiler.dir/Compiler/src/ValueTracking.cpp.o
[120/145] Building CXX object lib/luau/CMakeFiles/Luau.VM.dir/VM/src/ltm.cpp.o
[121/145] Building CXX object lib/luau/CMakeFiles/Luau.VM.dir/VM/src/ludata.cpp.o
[122/145] Building CXX object lib/luau/CMakeFiles/Luau.VM.dir/VM/src/ltablib.cpp.o
[123/145] Building CXX object lib/luau/CMakeFiles/Luau.VM.dir/VM/src/lutf8lib.cpp.o
[124/145] Building CXX object lib/luau/CMakeFiles/Luau.VM.dir/VM/src/lveclib.cpp.o
[125/145] Building CXX object lib/luau/CMakeFiles/Luau.VM.dir/VM/src/lintlib.cpp.o
[126/145] Building CXX object lib/luau/CMakeFiles/Luau.VM.dir/VM/src/lstrlib.cpp.o
[127/145] Building CXX object lib/luau/CMakeFiles/Luau.VM.dir/VM/src/lclasslib.cpp.o
[128/145] Building CXX object lib/luau/CMakeFiles/Luau.VM.dir/VM/src/lvector.cpp.o
[129/145] Building CXX object lib/luau/CMakeFiles/Luau.VM.dir/VM/src/lclass.cpp.o
[130/145] Building CXX object lib/luau/CMakeFiles/Luau.Compiler.dir/Compiler/src/ConstantFolding.cpp.o
[131/145] Building CXX object lib/luau/CMakeFiles/Luau.Compiler.dir/Compiler/src/Types.cpp.o
[132/145] Building CXX object lib/luau/CMakeFiles/Luau.VM.dir/VM/src/ltable.cpp.o
[133/145] Linking CXX static library bin/libgodot-cpp.macos.editor.arm64.a
[134/145] Building CXX object lib/luau/CMakeFiles/Luau.VM.dir/VM/src/lvmload.cpp.o
[135/145] Building CXX object lib/luau/CMakeFiles/Luau.VM.dir/VM/src/lvmutils.cpp.o
[136/145] Building CXX object lib/luau/CMakeFiles/Luau.VM.dir/VM/src/lvmexecute.cpp.o
[137/145] Linking CXX static library lib/luau/libLuau.VM.a
[138/145] Building CXX object lib/luau/CMakeFiles/Luau.Compiler.dir/Compiler/src/Compiler.cpp.o
[139/145] Linking CXX static library lib/luau/libLuau.Compiler.a
[140/145] Generating gen/api_data.inc
[141/145] Building CXX object CMakeFiles/godot_luau.dir/src/script.cpp.o
[142/145] Building CXX object CMakeFiles/godot_luau.dir/src/register_types.cpp.o
[143/145] Building CXX object CMakeFiles/godot_luau.dir/src/api.cpp.o
[144/145] Linking CXX shared library /Users/jarodwr/Development/godot-luau-spike/addons/godot_luau/bin/libgodot_luau.dylib
