-- The C compiler identification is AppleClang 21.0.0.21000101
-- The CXX compiler identification is AppleClang 21.0.0.21000101
-- Detecting C compiler ABI info
-- Detecting C compiler ABI info - done
-- Check for working C compiler: /usr/bin/cc - skipped
-- Detecting C compile features
-- Detecting C compile features - done
-- Detecting CXX compiler ABI info
-- Detecting CXX compiler ABI info - done
-- Check for working CXX compiler: /usr/bin/c++ - skipped
-- Detecting CXX compile features
-- Detecting CXX compile features - done
-- Found Python3: /opt/homebrew/Frameworks/Python.framework/Versions/3.14/bin/python3.14 (found suitable version "3.14.7", minimum required is "3.4") found components: Interpreter
-- Auto-detected 10 CPU cores available for build parallelism.
-- If not already cached, setting CMAKE_MSVC_RUNTIME_LIBRARY.
	For more information please read godot-cpp/cmake/windows.cmake
-- Using all cores. You can override this at configure time by using -j <n> or --parallel <n> in the build command.
--   eg. cmake --build . -j 7  ...
-- Using build profile to trim api file
-- 	BUILD_PROFILE = '/Users/jarodwr/Development/godot-luau-spike/build_profile.json'
-- 	API_SOURCE = 'gdextension/extension_api.json'
-- GODOTCPP_GDEXTENSION_API_FILE = '/Users/jarodwr/Development/godot-luau-spike/build/dev/lib/godot-cpp/extension_api.json'
-- GODOTCPP_GDEXTENSION_INTERFACE_FILE = 'gdextension/gdextension_interface.json'
-- There are 101 Files to generate
-- Found Python3: /opt/homebrew/Frameworks/Python.framework/Versions/3.14/bin/python3.14 (found version "3.14.7") found components: Interpreter
-- Configuring done (1.7s)
-- Generating done (0.0s)
-- Build files have been written to: /Users/jarodwr/Development/godot-luau-spike/build/dev
